[05-Feb-2026 16:48:39 UTC] === OBTENIENDO CAPACITACIONES ===
[05-Feb-2026 16:48:39 UTC] Query: SELECT C.Descripcion,C.FechaInicio,C.FechaFin,C.HoraInicio,C.HoraFin,C.idCapacitacion,C.Dias,C.archivo,C.Tipo,CD.NoEmpleado,
            IF(C.Status = 1,'Activa','Inactiva') as Status
            FROM Capacitacion AS C INNER JOIN CapacitacionDetalle AS CD ON CD.id_capacitacion = C.idCapacitacion
            group by C.idCapacitacion;
[05-Feb-2026 16:48:39 UTC] Total registros encontrados: 4
[05-Feb-2026 16:48:39 UTC] Datos: Array
(
    [0] => Array
        (
            [Descripcion] => Capacitación para Capacitar update update

https://www.youtube.com/

            [FechaInicio] => 2025-07-01
            [FechaFin] => 2025-12-22
            [HoraInicio] => 00:00:00
            [HoraFin] => 02:00:00
            [idCapacitacion] => 134
            [Dias] => 3,5,6,2
            [archivo] => 13413-02-2023 21:35:251.pdf
            [Tipo] => DIA
            [NoEmpleado] => 12200,11941,12029,5139,2
            [Status] => Inactiva
        )

    [1] => Array
        (
            [Descripcion] => Guía de Retroalimentación Positiva act
            [FechaInicio] => 2025-08-23
            [FechaFin] => 2025-12-20
            [HoraInicio] => 00:00:00
            [HoraFin] => 00:00:00
            [idCapacitacion] => 136
            [Dias] => 1,2,3
            [archivo] => 
            [Tipo] => DIA
            [NoEmpleado] => 2049,11907,4187,12237,11805,3601,4096,11778,11883,12166,2
            [Status] => Inactiva
        )

    [2] => Array
        (
            [Descripcion] => PROCESO DE RECLUTAMIENTO Y SELECCIÓN
            [FechaInicio] => 2023-06-29
            [FechaFin] => 2025-12-20
            [HoraInicio] => 00:00:00
            [HoraFin] => 00:00:00
            [idCapacitacion] => 137
            [Dias] => 
            [archivo] => 13729-06-2023 19:53:122.jpg,13714-07-2023 19:22:312.pdf
            [Tipo] => PROL
            [NoEmpleado] => 225,265,453,485,571,2171,2324,2774,2833,2937,2968,3094,3170,3187,3312,3376,3770,3868,4213,4560,4699,4891,4945,5004,5482,5656,5842,5952,5975,5993,6082,6502,6668,6781,7286,7366,7543,7589,8179,8396,8505,8660,8897,8944,9293,9512,9958,12219
            [Status] => Activa
        )

    [3] => Array
        (
            [Descripcion] => Política NOM 035
            [FechaInicio] => 2025-09-11
            [FechaFin] => 2025-12-20
            [HoraInicio] => 00:00:00
            [HoraFin] => 00:00:00
            [idCapacitacion] => 139
            [Dias] => 
            [archivo] => 13915-08-2025 16:19:521.ppt
            [Tipo] => PROL
            [NoEmpleado] => 2,145,223,225,265,318,367,436,453,482,485,515,571,631,991,994,1075,1139,1389,1485,1591,1769,2035,2049,2171,2324,2512,2522,2651,2712,2728,2729,2771,2774,2824,2833,2865,2875,2891,2937,2968,3064,3076,3094,3141,3170,3187,3312,3330,3346,3376,3419,3445,3490,3564,3601,3632,3634,3637,3672,3735,3770,3868,3996,4040,4096,4183,4187,4206,4213,4265,4313,4348,4385,4533,4560,4631,4656,4699,4705,4788,4799,4891,4911,4935,4945,4976,5004,5118,5137,5139,5242,5451,5482,5490,5550,5551,5560,5593,5637,5656,5699,5702,5705,5743,5784,5792,5805,5828,5842,5857,5858,5947,5952,5975,5993,6013,6048,6082,6093,6096,6108,6117,6153,6165,6170,6224,6235,6266,6284,6286,6301,6356,6419,6438,6449,6450,6499,6502,6503,6504,6533,6551,6567,6581,6582,6596,6621,6631,6642,6648,6653,6668,6671,6759,6779,6781,6937,6949,6968,6972,6993,7017,7083,7090,7109,7138,7158,7278,7286,7289,7303,7316,7366,7370,7374,7376,7383,7403,7409,7412,7418,7461,7478,7482,7485,7541,7543,7553,7579,7585,7589,7640,7694,7700,7710,7749,7752,7761,7782,7826,7851,7862,7868,7881,7900,7938,7994,7996,8002,8020,8038,8047,8050,8107,8118,8132,8179,8246,8357,8382,8394,8396,8399,8400,8407,8437,8448,8468,8470,8505,8526,8537,8546,8548,8551,8559,8583,8591,8598,8623,8628,8660,8668,8705,8713,8739,8751,8765,8791,8818,8835,8847,8870,8893,8897,8901,8919,8944,8957,8962,8964,8982,9037,9082,9106,9109,9119,9144,9160,9194,9229,9232,9236,9262,9287,9293,9304,9330,9346,9360,9374,9386,9427,9455,9461,9472,9494,9495,9512,9527,9538,9560,9563,9567,9569,9570,9594,9644,9660,9667,9678,9682,9699,9700,9707,9730,9740,9756,9778,9822,9835,9862,9915,9947,9958,9990,10004,10011,10012,10021,10023,10080,10094,10106,10118,10139,10147,10159,10166,10191,10276,10289,10293,10321,10335,10410,10417,10420,10436,10450,10475,10476,10502,10505,10519,10526,10555,10560,10568,10586,10615,10647,10654,10670,10737,10742,10760,10761,10774,10787,10798,10799,10820,10832,10843,10859,10864,10867,10870,10875,10887,10922,10953,10955,10966,10969,10974,10983,10993,11006,11007,11013,11019,11022,11024,11041,11059,11079,11081,11084,11092,11096,11098,11113,11126,11132,11154,11155,11156,11158,11174,11184,11200,11201,11208,11221,11226,11229,11231,11273,11274,11277,11286,11295,11298,11303,11305,11318,11319,11320,11321,11323,11329,11330,11331,11332,11338,11339,11345,11355,11368,11370,11374,11377,11383,11399,11412,11414,11419,11437,11439,11444,11454,11458,11459,11467,11472,11473,11484,11496,11539,11545,11556,11566,11574,11576,11586,11589,11590,11591,11605,11608,11609,11616,11622,11634,11636,11642,11643,11655,11661,11666,11672,11673,11678,11681,11688,11698,11706,11718,11727,11734,11735,11740,11744,11745,11746,11747,11750,11757,11766,11770,11771,11776,11777,11778,11780,11785,11796,11805,11810,11818,11819,11820,11823,11831,11838,11841,11846,11854,11855,11857,11860,11866,11878,11879,11881,11882,11883,11888,11892,11895,11897,11903,11905,11907,11909,11911,11914,11916,11917,11921,11922,11927,11934,11935,11939,11941,11942,11945,11953,11958,11962,11967,11969,11970,11972,11973,11975,11977,11980,11982,11988,11991,11992,11997,12003,12004,12021,12024,12027,12029,12037,12039,12041,12043,12046,12048,12052,12059,12061,12066,12067,12069,12071,12072,12074,12075,12077,12081,12082,12084,12086,12090,12093,12099,12100,12102,12104,12105,12106,12108,12109,12112,12114,12115,12116,12117,12118,12119,12120,12122,12123,12124,12126,12127,12129,12130,12132,12135,12136,12137,12139,12140,12142,12144,12145,12146,12147,12148,12150,12153,12154,12155,12156,12157,12158,12159,12161,12162,12163,12164,12166,12167,12168,12169,12170,12171,12172,12173,12174,12175,12176,12178,12181,12182,12183,12185,12187,12188,12189,12190,12193,12194,12195,12196,12197,12199,12200,12201,12202,12203,12204,12206,12207,12209,12210,12211,12212,12213,12214,12215,12216,12217,12218,12219,12220,12221,12224,12225,12226,12227,12228,12229,12230,12231,12232,12233,12234,12235,12236,12237,12240,12241,12242,12243,12246,12247,12248,12249,12250,12251,12252,12253,12254,12255,12256,12257,12258,12259,12260,12262,12264,12265,12266,12267,12268,12270,12272,12275,12276,12277,12279,12282,12284,12288,12289,12291,12292,12293,12294,12295,12297,12302,12303,12304,12310,12312,12314,12315,12317,12325,12327,12328,12329,12330,12331,12334,12335,12337,12338,12342,12343,12346,12353,12354,12355,12357,12362,12364,12365,12366,12370,12372,12374,12375,12376,12377,12378,12382,12383,12384,12386,12387,12388,12389,12390,12391,12392,12393,12394,12395,12396,12397,12398,12399,12400,12402,12403,12404,12405,12406,12407,12408,12409,12410,12411,12412,12413,12415,12416,12417,12419,12420,12421,12422,12424,12425,12426,12429,12430,12431,12432,12433,12434,12435,12436,12437,12438,12439,12440,12441,12444,12445,12447,12452,12453,12454,12455,12457,12458,12460,12461,12464,12465,12467,12468,12470,12471,12472,12473,12474,12476,12478,12479,12480,12481,12482,12483,12484,12485,12486,12487,12489,12490,100103,100114,100124,100125,999999999
            [Status] => Activa
        )

)

[05-Feb-2026 16:48:40 UTC] PHP Warning:  Undefined array key 0 in C:\Users\Guillermo\OneDrive\Documentos\reso\Intranet-Pip\Backend\Capacitacion\Capacitacion.php on line 146
[05-Feb-2026 16:48:40 UTC] PHP Warning:  Trying to access array offset on value of type null in C:\Users\Guillermo\OneDrive\Documentos\reso\Intranet-Pip\Backend\Capacitacion\Capacitacion.php on line 146
[05-Feb-2026 16:48:41 UTC] PHP Warning:  Undefined array key 0 in C:\Users\Guillermo\OneDrive\Documentos\reso\Intranet-Pip\Backend\Capacitacion\Capacitacion.php on line 146
[05-Feb-2026 16:48:41 UTC] PHP Warning:  Trying to access array offset on value of type null in C:\Users\Guillermo\OneDrive\Documentos\reso\Intranet-Pip\Backend\Capacitacion\Capacitacion.php on line 146
[05-Feb-2026 16:48:47 UTC] getArchivosCapacitacion
[05-Feb-2026 16:48:47 UTC] SELECT * FROM ArchivosCapacitacion
[05-Feb-2026 16:49:41 UTC] === CREANDO CAPACITACION ===
[05-Feb-2026 16:49:41 UTC] Tipo: PROL
[05-Feb-2026 16:49:41 UTC] Dias: 4,6,7
[05-Feb-2026 16:49:41 UTC] NoEmpleado original: 6082
[05-Feb-2026 16:49:41 UTC] Empleados array: Array
(
    [0] => 6082
)

[05-Feb-2026 16:49:41 UTC] Query SP PROL: CALL sp_NuevaCapacitacion2 ('Prueba Capacitacion 05/02/2026','2026-02-12','2026-02-19','','','4,6,7','PROL')
[05-Feb-2026 16:49:41 UTC] ERROR en Procedure: SQLSTATE[42000]: Syntax error or access violation: 1370 execute command denied to user 'klynet_usrdatos'@'%' for routine 'klynet_datosdemo.sp_NuevaCapacitacion2'
[05-Feb-2026 16:49:41 UTC] Query: CALL sp_NuevaCapacitacion2 ('Prueba Capacitacion 05/02/2026','2026-02-12','2026-02-19','','','4,6,7','PROL')
[05-Feb-2026 16:49:41 UTC] ERROR en SP PROL: SQLSTATE[42000]: Syntax error or access violation: 1370 execute command denied to user 'klynet_usrdatos'@'%' for routine 'klynet_datosdemo.sp_NuevaCapacitacion2'
[05-Feb-2026 16:49:52 UTC] === OBTENIENDO CAPACITACIONES ===
[05-Feb-2026 16:49:52 UTC] Query: SELECT C.Descripcion,C.FechaInicio,C.FechaFin,C.HoraInicio,C.HoraFin,C.idCapacitacion,C.Dias,C.archivo,C.Tipo,CD.NoEmpleado,
            IF(C.Status = 1,'Activa','Inactiva') as Status
            FROM Capacitacion AS C INNER JOIN CapacitacionDetalle AS CD ON CD.id_capacitacion = C.idCapacitacion
            group by C.idCapacitacion;
[05-Feb-2026 16:49:52 UTC] Total registros encontrados: 4
[05-Feb-2026 16:49:52 UTC] Datos: Array
(
    [0] => Array
        (
            [Descripcion] => Capacitación para Capacitar update update

https://www.youtube.com/

            [FechaInicio] => 2025-07-01
            [FechaFin] => 2025-12-22
            [HoraInicio] => 00:00:00
            [HoraFin] => 02:00:00
            [idCapacitacion] => 134
            [Dias] => 3,5,6,2
            [archivo] => 13413-02-2023 21:35:251.pdf
            [Tipo] => DIA
            [NoEmpleado] => 12200,11941,12029,5139,2
            [Status] => Inactiva
        )

    [1] => Array
        (
            [Descripcion] => Guía de Retroalimentación Positiva act
            [FechaInicio] => 2025-08-23
            [FechaFin] => 2025-12-20
            [HoraInicio] => 00:00:00
            [HoraFin] => 00:00:00
            [idCapacitacion] => 136
            [Dias] => 1,2,3
            [archivo] => 
            [Tipo] => DIA
            [NoEmpleado] => 2049,11907,4187,12237,11805,3601,4096,11778,11883,12166,2
            [Status] => Inactiva
        )

    [2] => Array
        (
            [Descripcion] => PROCESO DE RECLUTAMIENTO Y SELECCIÓN
            [FechaInicio] => 2023-06-29
            [FechaFin] => 2025-12-20
            [HoraInicio] => 00:00:00
            [HoraFin] => 00:00:00
            [idCapacitacion] => 137
            [Dias] => 
            [archivo] => 13729-06-2023 19:53:122.jpg,13714-07-2023 19:22:312.pdf
            [Tipo] => PROL
            [NoEmpleado] => 225,265,453,485,571,2171,2324,2774,2833,2937,2968,3094,3170,3187,3312,3376,3770,3868,4213,4560,4699,4891,4945,5004,5482,5656,5842,5952,5975,5993,6082,6502,6668,6781,7286,7366,7543,7589,8179,8396,8505,8660,8897,8944,9293,9512,9958,12219
            [Status] => Activa
        )

    [3] => Array
        (
            [Descripcion] => Política NOM 035
            [FechaInicio] => 2025-09-11
            [FechaFin] => 2025-12-20
            [HoraInicio] => 00:00:00
            [HoraFin] => 00:00:00
            [idCapacitacion] => 139
            [Dias] => 
            [archivo] => 13915-08-2025 16:19:521.ppt
            [Tipo] => PROL
            [NoEmpleado] => 2,145,223,225,265,318,367,436,453,482,485,515,571,631,991,994,1075,1139,1389,1485,1591,1769,2035,2049,2171,2324,2512,2522,2651,2712,2728,2729,2771,2774,2824,2833,2865,2875,2891,2937,2968,3064,3076,3094,3141,3170,3187,3312,3330,3346,3376,3419,3445,3490,3564,3601,3632,3634,3637,3672,3735,3770,3868,3996,4040,4096,4183,4187,4206,4213,4265,4313,4348,4385,4533,4560,4631,4656,4699,4705,4788,4799,4891,4911,4935,4945,4976,5004,5118,5137,5139,5242,5451,5482,5490,5550,5551,5560,5593,5637,5656,5699,5702,5705,5743,5784,5792,5805,5828,5842,5857,5858,5947,5952,5975,5993,6013,6048,6082,6093,6096,6108,6117,6153,6165,6170,6224,6235,6266,6284,6286,6301,6356,6419,6438,6449,6450,6499,6502,6503,6504,6533,6551,6567,6581,6582,6596,6621,6631,6642,6648,6653,6668,6671,6759,6779,6781,6937,6949,6968,6972,6993,7017,7083,7090,7109,7138,7158,7278,7286,7289,7303,7316,7366,7370,7374,7376,7383,7403,7409,7412,7418,7461,7478,7482,7485,7541,7543,7553,7579,7585,7589,7640,7694,7700,7710,7749,7752,7761,7782,7826,7851,7862,7868,7881,7900,7938,7994,7996,8002,8020,8038,8047,8050,8107,8118,8132,8179,8246,8357,8382,8394,8396,8399,8400,8407,8437,8448,8468,8470,8505,8526,8537,8546,8548,8551,8559,8583,8591,8598,8623,8628,8660,8668,8705,8713,8739,8751,8765,8791,8818,8835,8847,8870,8893,8897,8901,8919,8944,8957,8962,8964,8982,9037,9082,9106,9109,9119,9144,9160,9194,9229,9232,9236,9262,9287,9293,9304,9330,9346,9360,9374,9386,9427,9455,9461,9472,9494,9495,9512,9527,9538,9560,9563,9567,9569,9570,9594,9644,9660,9667,9678,9682,9699,9700,9707,9730,9740,9756,9778,9822,9835,9862,9915,9947,9958,9990,10004,10011,10012,10021,10023,10080,10094,10106,10118,10139,10147,10159,10166,10191,10276,10289,10293,10321,10335,10410,10417,10420,10436,10450,10475,10476,10502,10505,10519,10526,10555,10560,10568,10586,10615,10647,10654,10670,10737,10742,10760,10761,10774,10787,10798,10799,10820,10832,10843,10859,10864,10867,10870,10875,10887,10922,10953,10955,10966,10969,10974,10983,10993,11006,11007,11013,11019,11022,11024,11041,11059,11079,11081,11084,11092,11096,11098,11113,11126,11132,11154,11155,11156,11158,11174,11184,11200,11201,11208,11221,11226,11229,11231,11273,11274,11277,11286,11295,11298,11303,11305,11318,11319,11320,11321,11323,11329,11330,11331,11332,11338,11339,11345,11355,11368,11370,11374,11377,11383,11399,11412,11414,11419,11437,11439,11444,11454,11458,11459,11467,11472,11473,11484,11496,11539,11545,11556,11566,11574,11576,11586,11589,11590,11591,11605,11608,11609,11616,11622,11634,11636,11642,11643,11655,11661,11666,11672,11673,11678,11681,11688,11698,11706,11718,11727,11734,11735,11740,11744,11745,11746,11747,11750,11757,11766,11770,11771,11776,11777,11778,11780,11785,11796,11805,11810,11818,11819,11820,11823,11831,11838,11841,11846,11854,11855,11857,11860,11866,11878,11879,11881,11882,11883,11888,11892,11895,11897,11903,11905,11907,11909,11911,11914,11916,11917,11921,11922,11927,11934,11935,11939,11941,11942,11945,11953,11958,11962,11967,11969,11970,11972,11973,11975,11977,11980,11982,11988,11991,11992,11997,12003,12004,12021,12024,12027,12029,12037,12039,12041,12043,12046,12048,12052,12059,12061,12066,12067,12069,12071,12072,12074,12075,12077,12081,12082,12084,12086,12090,12093,12099,12100,12102,12104,12105,12106,12108,12109,12112,12114,12115,12116,12117,12118,12119,12120,12122,12123,12124,12126,12127,12129,12130,12132,12135,12136,12137,12139,12140,12142,12144,12145,12146,12147,12148,12150,12153,12154,12155,12156,12157,12158,12159,12161,12162,12163,12164,12166,12167,12168,12169,12170,12171,12172,12173,12174,12175,12176,12178,12181,12182,12183,12185,12187,12188,12189,12190,12193,12194,12195,12196,12197,12199,12200,12201,12202,12203,12204,12206,12207,12209,12210,12211,12212,12213,12214,12215,12216,12217,12218,12219,12220,12221,12224,12225,12226,12227,12228,12229,12230,12231,12232,12233,12234,12235,12236,12237,12240,12241,12242,12243,12246,12247,12248,12249,12250,12251,12252,12253,12254,12255,12256,12257,12258,12259,12260,12262,12264,12265,12266,12267,12268,12270,12272,12275,12276,12277,12279,12282,12284,12288,12289,12291,12292,12293,12294,12295,12297,12302,12303,12304,12310,12312,12314,12315,12317,12325,12327,12328,12329,12330,12331,12334,12335,12337,12338,12342,12343,12346,12353,12354,12355,12357,12362,12364,12365,12366,12370,12372,12374,12375,12376,12377,12378,12382,12383,12384,12386,12387,12388,12389,12390,12391,12392,12393,12394,12395,12396,12397,12398,12399,12400,12402,12403,12404,12405,12406,12407,12408,12409,12410,12411,12412,12413,12415,12416,12417,12419,12420,12421,12422,12424,12425,12426,12429,12430,12431,12432,12433,12434,12435,12436,12437,12438,12439,12440,12441,12444,12445,12447,12452,12453,12454,12455,12457,12458,12460,12461,12464,12465,12467,12468,12470,12471,12472,12473,12474,12476,12478,12479,12480,12481,12482,12483,12484,12485,12486,12487,12489,12490,100103,100114,100124,100125,999999999
            [Status] => Activa
        )

)

[05-Feb-2026 16:49:54 UTC] PHP Warning:  Undefined array key 0 in C:\Users\Guillermo\OneDrive\Documentos\reso\Intranet-Pip\Backend\Capacitacion\Capacitacion.php on line 146
[05-Feb-2026 16:49:54 UTC] PHP Warning:  Trying to access array offset on value of type null in C:\Users\Guillermo\OneDrive\Documentos\reso\Intranet-Pip\Backend\Capacitacion\Capacitacion.php on line 146
[05-Feb-2026 16:49:55 UTC] PHP Warning:  Undefined array key 0 in C:\Users\Guillermo\OneDrive\Documentos\reso\Intranet-Pip\Backend\Capacitacion\Capacitacion.php on line 146
[05-Feb-2026 16:49:55 UTC] PHP Warning:  Trying to access array offset on value of type null in C:\Users\Guillermo\OneDrive\Documentos\reso\Intranet-Pip\Backend\Capacitacion\Capacitacion.php on line 146
[05-Feb-2026 16:52:31 UTC] === OBTENIENDO CAPACITACIONES ===
[05-Feb-2026 16:52:31 UTC] Query: SELECT C.Descripcion,C.FechaInicio,C.FechaFin,C.HoraInicio,C.HoraFin,C.idCapacitacion,C.Dias,C.archivo,C.Tipo,CD.NoEmpleado,
            IF(C.Status = 1,'Activa','Inactiva') as Status
            FROM Capacitacion AS C INNER JOIN CapacitacionDetalle AS CD ON CD.id_capacitacion = C.idCapacitacion
            group by C.idCapacitacion;
[05-Feb-2026 16:52:31 UTC] Total registros encontrados: 4
[05-Feb-2026 16:52:31 UTC] Datos: Array
(
    [0] => Array
        (
            [Descripcion] => Capacitación para Capacitar update update

https://www.youtube.com/

            [FechaInicio] => 2025-07-01
            [FechaFin] => 2025-12-22
            [HoraInicio] => 00:00:00
            [HoraFin] => 02:00:00
            [idCapacitacion] => 134
            [Dias] => 3,5,6,2
            [archivo] => 13413-02-2023 21:35:251.pdf
            [Tipo] => DIA
            [NoEmpleado] => 12200,11941,12029,5139,2
            [Status] => Inactiva
        )

    [1] => Array
        (
            [Descripcion] => Guía de Retroalimentación Positiva act
            [FechaInicio] => 2025-08-23
            [FechaFin] => 2025-12-20
            [HoraInicio] => 00:00:00
            [HoraFin] => 00:00:00
            [idCapacitacion] => 136
            [Dias] => 1,2,3
            [archivo] => 
            [Tipo] => DIA
            [NoEmpleado] => 2049,11907,4187,12237,11805,3601,4096,11778,11883,12166,2
            [Status] => Inactiva
        )

    [2] => Array
        (
            [Descripcion] => PROCESO DE RECLUTAMIENTO Y SELECCIÓN
            [FechaInicio] => 2023-06-29
            [FechaFin] => 2025-12-20
            [HoraInicio] => 00:00:00
            [HoraFin] => 00:00:00
            [idCapacitacion] => 137
            [Dias] => 
            [archivo] => 13729-06-2023 19:53:122.jpg,13714-07-2023 19:22:312.pdf
            [Tipo] => PROL
            [NoEmpleado] => 225,265,453,485,571,2171,2324,2774,2833,2937,2968,3094,3170,3187,3312,3376,3770,3868,4213,4560,4699,4891,4945,5004,5482,5656,5842,5952,5975,5993,6082,6502,6668,6781,7286,7366,7543,7589,8179,8396,8505,8660,8897,8944,9293,9512,9958,12219
            [Status] => Activa
        )

    [3] => Array
        (
            [Descripcion] => Política NOM 035
            [FechaInicio] => 2025-09-11
            [FechaFin] => 2025-12-20
            [HoraInicio] => 00:00:00
            [HoraFin] => 00:00:00
            [idCapacitacion] => 139
            [Dias] => 
            [archivo] => 13915-08-2025 16:19:521.ppt
            [Tipo] => PROL
            [NoEmpleado] => 2,145,223,225,265,318,367,436,453,482,485,515,571,631,991,994,1075,1139,1389,1485,1591,1769,2035,2049,2171,2324,2512,2522,2651,2712,2728,2729,2771,2774,2824,2833,2865,2875,2891,2937,2968,3064,3076,3094,3141,3170,3187,3312,3330,3346,3376,3419,3445,3490,3564,3601,3632,3634,3637,3672,3735,3770,3868,3996,4040,4096,4183,4187,4206,4213,4265,4313,4348,4385,4533,4560,4631,4656,4699,4705,4788,4799,4891,4911,4935,4945,4976,5004,5118,5137,5139,5242,5451,5482,5490,5550,5551,5560,5593,5637,5656,5699,5702,5705,5743,5784,5792,5805,5828,5842,5857,5858,5947,5952,5975,5993,6013,6048,6082,6093,6096,6108,6117,6153,6165,6170,6224,6235,6266,6284,6286,6301,6356,6419,6438,6449,6450,6499,6502,6503,6504,6533,6551,6567,6581,6582,6596,6621,6631,6642,6648,6653,6668,6671,6759,6779,6781,6937,6949,6968,6972,6993,7017,7083,7090,7109,7138,7158,7278,7286,7289,7303,7316,7366,7370,7374,7376,7383,7403,7409,7412,7418,7461,7478,7482,7485,7541,7543,7553,7579,7585,7589,7640,7694,7700,7710,7749,7752,7761,7782,7826,7851,7862,7868,7881,7900,7938,7994,7996,8002,8020,8038,8047,8050,8107,8118,8132,8179,8246,8357,8382,8394,8396,8399,8400,8407,8437,8448,8468,8470,8505,8526,8537,8546,8548,8551,8559,8583,8591,8598,8623,8628,8660,8668,8705,8713,8739,8751,8765,8791,8818,8835,8847,8870,8893,8897,8901,8919,8944,8957,8962,8964,8982,9037,9082,9106,9109,9119,9144,9160,9194,9229,9232,9236,9262,9287,9293,9304,9330,9346,9360,9374,9386,9427,9455,9461,9472,9494,9495,9512,9527,9538,9560,9563,9567,9569,9570,9594,9644,9660,9667,9678,9682,9699,9700,9707,9730,9740,9756,9778,9822,9835,9862,9915,9947,9958,9990,10004,10011,10012,10021,10023,10080,10094,10106,10118,10139,10147,10159,10166,10191,10276,10289,10293,10321,10335,10410,10417,10420,10436,10450,10475,10476,10502,10505,10519,10526,10555,10560,10568,10586,10615,10647,10654,10670,10737,10742,10760,10761,10774,10787,10798,10799,10820,10832,10843,10859,10864,10867,10870,10875,10887,10922,10953,10955,10966,10969,10974,10983,10993,11006,11007,11013,11019,11022,11024,11041,11059,11079,11081,11084,11092,11096,11098,11113,11126,11132,11154,11155,11156,11158,11174,11184,11200,11201,11208,11221,11226,11229,11231,11273,11274,11277,11286,11295,11298,11303,11305,11318,11319,11320,11321,11323,11329,11330,11331,11332,11338,11339,11345,11355,11368,11370,11374,11377,11383,11399,11412,11414,11419,11437,11439,11444,11454,11458,11459,11467,11472,11473,11484,11496,11539,11545,11556,11566,11574,11576,11586,11589,11590,11591,11605,11608,11609,11616,11622,11634,11636,11642,11643,11655,11661,11666,11672,11673,11678,11681,11688,11698,11706,11718,11727,11734,11735,11740,11744,11745,11746,11747,11750,11757,11766,11770,11771,11776,11777,11778,11780,11785,11796,11805,11810,11818,11819,11820,11823,11831,11838,11841,11846,11854,11855,11857,11860,11866,11878,11879,11881,11882,11883,11888,11892,11895,11897,11903,11905,11907,11909,11911,11914,11916,11917,11921,11922,11927,11934,11935,11939,11941,11942,11945,11953,11958,11962,11967,11969,11970,11972,11973,11975,11977,11980,11982,11988,11991,11992,11997,12003,12004,12021,12024,12027,12029,12037,12039,12041,12043,12046,12048,12052,12059,12061,12066,12067,12069,12071,12072,12074,12075,12077,12081,12082,12084,12086,12090,12093,12099,12100,12102,12104,12105,12106,12108,12109,12112,12114,12115,12116,12117,12118,12119,12120,12122,12123,12124,12126,12127,12129,12130,12132,12135,12136,12137,12139,12140,12142,12144,12145,12146,12147,12148,12150,12153,12154,12155,12156,12157,12158,12159,12161,12162,12163,12164,12166,12167,12168,12169,12170,12171,12172,12173,12174,12175,12176,12178,12181,12182,12183,12185,12187,12188,12189,12190,12193,12194,12195,12196,12197,12199,12200,12201,12202,12203,12204,12206,12207,12209,12210,12211,12212,12213,12214,12215,12216,12217,12218,12219,12220,12221,12224,12225,12226,12227,12228,12229,12230,12231,12232,12233,12234,12235,12236,12237,12240,12241,12242,12243,12246,12247,12248,12249,12250,12251,12252,12253,12254,12255,12256,12257,12258,12259,12260,12262,12264,12265,12266,12267,12268,12270,12272,12275,12276,12277,12279,12282,12284,12288,12289,12291,12292,12293,12294,12295,12297,12302,12303,12304,12310,12312,12314,12315,12317,12325,12327,12328,12329,12330,12331,12334,12335,12337,12338,12342,12343,12346,12353,12354,12355,12357,12362,12364,12365,12366,12370,12372,12374,12375,12376,12377,12378,12382,12383,12384,12386,12387,12388,12389,12390,12391,12392,12393,12394,12395,12396,12397,12398,12399,12400,12402,12403,12404,12405,12406,12407,12408,12409,12410,12411,12412,12413,12415,12416,12417,12419,12420,12421,12422,12424,12425,12426,12429,12430,12431,12432,12433,12434,12435,12436,12437,12438,12439,12440,12441,12444,12445,12447,12452,12453,12454,12455,12457,12458,12460,12461,12464,12465,12467,12468,12470,12471,12472,12473,12474,12476,12478,12479,12480,12481,12482,12483,12484,12485,12486,12487,12489,12490,100103,100114,100124,100125,999999999
            [Status] => Activa
        )

)

[05-Feb-2026 16:52:33 UTC] PHP Warning:  Undefined array key 0 in C:\Users\Guillermo\OneDrive\Documentos\reso\Intranet-Pip\Backend\Capacitacion\Capacitacion.php on line 146
[05-Feb-2026 16:52:33 UTC] PHP Warning:  Trying to access array offset on value of type null in C:\Users\Guillermo\OneDrive\Documentos\reso\Intranet-Pip\Backend\Capacitacion\Capacitacion.php on line 146
[05-Feb-2026 16:52:33 UTC] PHP Warning:  Undefined array key 0 in C:\Users\Guillermo\OneDrive\Documentos\reso\Intranet-Pip\Backend\Capacitacion\Capacitacion.php on line 146
[05-Feb-2026 16:52:33 UTC] PHP Warning:  Trying to access array offset on value of type null in C:\Users\Guillermo\OneDrive\Documentos\reso\Intranet-Pip\Backend\Capacitacion\Capacitacion.php on line 146
